<area shape="rect" href="$includes_8h.html" title="src/utils/includes.h" alt="" coords="1451,81,1581,105">
<area shape="rect" href="$cMenuItem_8h.html" title="src/objects/cMenuItem.h" alt="" coords="1800,230,1965,254">
<area shape="rect" href="$c3DSModel_8cpp.html" title="src/objects/c3DSModel.cpp" alt="" coords="2224,81,2405,105">
<area shape="rect" href="$main_8h.html" title="src/main.h" alt="" coords="1523,604,1605,628">
<area shape="rect" href="$cPlayMode_8h.html" title="src/modes/cPlayMode.h" alt="" coords="543,454,705,478">
<area shape="rect" href="$iObject_8h.html" title="src/objects/iObject.h" alt="" coords="392,230,533,254">
<area shape="rect" href="$cFlyingPickup_8h.html" title="src/objects/cFlyingPickup.h" alt="" coords="809,305,991,329">
<area shape="rect" href="$utils_8h.html" title="src/utils/utils.h" alt="" coords="1135,156,1241,180">
<area shape="rect" href="$cPlayTable_8h.html" title="src/objects/cPlayTable.h" alt="" coords="1289,305,1452,329">
<area shape="rect" href="$cMenuMode_8h.html" title="src/modes/cMenuMode.h" alt="" coords="1883,380,2051,404">
<area shape="rect" href="$cPlayNode_8h.html" title="src/objects/cPlayNode.h" alt="" coords="1372,156,1535,180">
<area shape="rect" href="$includes_8cpp.html" title="src/utils/includes.cpp" alt="" coords="1667,156,1811,180">
<area shape="rect" href="$main_8cpp.html" title="src/main.cpp" alt="" coords="1516,678,1612,702">
<area shape="rect" href="$cRandomMode_8h.html" title="src/modes/cRandomMode.h" alt="" coords="1183,529,1367,553">
<area shape="rect" href="$cMonoMode_8h.html" title="src/modes/cMonoMode.h" alt="" coords="540,529,708,553">
<area shape="rect" href="$cPlayMode_8cpp.html" title="src/modes/cPlayMode.cpp" alt="" coords="732,529,908,553">
<area shape="rect" href="$cRandomMode_8cpp.html" title="src/modes/cRandomMode.cpp" alt="" coords="1176,604,1373,628">
<area shape="rect" href="$cMonoMode_8cpp.html" title="src/modes/cMonoMode.cpp" alt="" coords="533,604,715,628">
<area shape="rect" href="$cParticleSystem_8h.html" title="src/objects/cParticleSystem.h" alt="" coords="465,305,660,329">
<area shape="rect" href="$cShip_8h.html" title="src/objects/cShip.h" alt="" coords="129,305,263,329">
<area shape="rect" href="$iObject_8cpp.html" title="src/objects/iObject.cpp" alt="" coords="287,305,441,329">
<area shape="rect" href="$cScorePickup_8h.html" title="src/objects/cScorePickup.h" alt="" coords="1021,380,1203,404">
<area shape="rect" href="$cDownPickup_8h.html" title="src/objects/cDownPickup.h" alt="" coords="600,380,779,404">
<area shape="rect" href="$cTPPickup_8h.html" title="src/objects/cTPPickup.h" alt="" coords="1227,380,1389,404">
<area shape="rect" href="$cFlyingPickup_8cpp.html" title="src/objects/cFlyingPickup.cpp" alt="" coords="803,380,997,404">
<area shape="rect" href="$cScorePickup_8cpp.html" title="src/objects/cScorePickup.cpp" alt="" coords="1007,454,1201,478">
<area shape="rect" href="$cDownPickup_8cpp.html" title="src/objects/cDownPickup.cpp" alt="" coords="729,454,921,478">
<area shape="rect" href="$cTPPickup_8cpp.html" title="src/objects/cTPPickup.cpp" alt="" coords="1225,454,1404,478">
<area shape="rect" href="$cParticleSystem_8cpp.html" title="src/objects/cParticleSystem.cpp" alt="" coords="315,380,525,404">
<area shape="rect" href="$cShip_8cpp.html" title="src/objects/cShip.cpp" alt="" coords="144,380,291,404">
<area shape="rect" href="$cAnimatedTexture_8h.html" title="src/objects/cAnimatedTexture.h" alt="" coords="1085,230,1291,254">
<area shape="rect" href="$utils_8cpp.html" title="src/utils/utils.cpp" alt="" coords="891,230,1011,254">
<area shape="rect" href="$cAnimatedTexture_8cpp.html" title="src/objects/cAnimatedTexture.cpp" alt="" coords="1047,305,1265,329">
<area shape="rect" href="$cPlayTable_8cpp.html" title="src/objects/cPlayTable.cpp" alt="" coords="1413,380,1592,404">
<area shape="rect" href="$cMenuSpacer_8h.html" title="src/objects/cMenuSpacer.h" alt="" coords="1667,305,1845,329">
<area shape="rect" href="$cMenuItem_8cpp.html" title="src/objects/cMenuItem.cpp" alt="" coords="1920,305,2099,329">
<area shape="rect" href="$cMenuMode_8cpp.html" title="src/modes/cMenuMode.cpp" alt="" coords="1748,454,1929,478">
<area shape="rect" href="$cMenuSpacer_8cpp.html" title="src/objects/cMenuSpacer.cpp" alt="" coords="1667,380,1859,404">
<area shape="rect" href="$cPlayNode_8cpp.html" title="src/objects/cPlayNode.cpp" alt="" coords="1365,230,1541,254">
