<area shape="rect" href="$classcParticleSystem.html" title="{cParticleSystem\n|+ particles\l+ velocityrandomness\l+ liferandomness\l+ position\l+ velocity\l+ force\l+ colour\l+ defaulttexture\l|+ cParticleSystem()\l+ cParticleSystem()\l+ ~cParticleSystem()\l+ init()\l+ init()\l+ update()\l+ draw()\l# initparticle()\l}" alt="" coords="5,186,155,455">
<area shape="rect" href="$classcPickup.html" title="Encapsulates one pickup." alt="" coords="179,214,275,427">
<area shape="rect" href="$classcShip.html" title="{cShip\n|+ bank\l+ xpos\l+ bob\l+ bobvel\l+ respawntime\l+ respawnstart\l+ respawning\l+ model\l+ bpm\l|+ cShip()\l+ ~cShip()\l+ update()\l+ draw()\l+ bump()\l+ respawn()\l}" alt="" coords="299,192,405,448">
<area shape="rect" href="$classcDownPickup.html" title="{cDownPickup\n||+ cDownPickup()\l+ ~cDownPickup()\l+ update()\l}" alt="" coords="9,539,137,643">
<area shape="rect" href="$classcScorePickup.html" title="{cScorePickup\n|+ y2vel\l|+ cScorePickup()\l+ ~cScorePickup()\l+ update()\l}" alt="" coords="161,539,292,643">
<area shape="rect" href="$classcTPPickup.html" title="&quot;ToPlaytable&quot; Pickup &#45; goes from the ship to the table." alt="" coords="316,504,428,678">
