<area shape="rect" href="$classcPlayMode.html#07d82a908c552ac73b0beb9bfadf801f" title="Performs all the drawing functions." alt="" coords="207,151,369,175">
<area shape="rect" href="$classcPlayMode.html#ef9d1cbccec777561c8b8000904c4b17" title="Loops through waiting events, then takes keyboard state for arrow keys." alt="" coords="200,284,376,308">
<area shape="rect" href="$classcPlayMode.html#6d58169ee910f126d12b826ae865328a" title="cPlayMode::init" alt="" coords="232,332,344,356">
<area shape="rect" href="$classcPlayMode.html#c14c033539693baad0dd7a8db04a48b8" title="Updates game state." alt="" coords="220,608,356,632">
<area shape="rect" href="$classcPlayTable.html#18b298f56e3d9051287deda5ef42c8d5" title="Draw the table." alt="" coords="448,5,568,29">
<area shape="rect" href="$classcPlayMode.html#a58a982ce0b3a6fe868a282f8e21ea1f" title="cPlayMode::drawship" alt="" coords="436,101,580,125">
<area shape="rect" href="$classcPlayMode.html#5b40786f649407640a94b3ab076a8a02" title="cPlayMode::DrawText" alt="" coords="435,53,581,77">
<area shape="rect" href="$classcPlayMode.html#afd239dd1f761b74e218096b013e74e0" title="cPlayMode::drawtrack" alt="" coords="656,149,805,173">
<area shape="rect" href="$classcScore.html#888d47f2a0ee736afcaa8deb68e3587b" title="cScore::get" alt="" coords="464,200,552,224">
<area shape="rect" href="$classcFont.html#db887874b958978527114541246bcbf6" title="Returns the width in pixels of the given string if using the current font." alt="" coords="443,248,573,272">
<area shape="rect" href="$classcAnimatedTexture.html#0efbba6e857253df1b8a0271beb903fd" title="Bind the texture. Used the same as cTexture." alt="" coords="652,5,809,29">
<area shape="rect" href="$classcShip.html#d8a161c66b9a857e1f2bf3bfab1d0b40" title="cShip::draw" alt="" coords="687,101,775,125">
<area shape="rect" href="$classc3DSModel.html#f75412da827e3e8bd005d0a363aa57c2" title="c3DSModel::Draw" alt="" coords="891,125,1016,149">
<area shape="rect" href="$classcFont.html#013a0398de4b769106b7f473751171ad" title="Draw a string at the current coordinates." alt="" coords="687,53,775,77">
<area shape="rect" href="$classcTexture.html#3a2b11275e9d6f03a4af5359ec6b57fb" title="Bind the texture so that it will be used for drawing polygons." alt="" coords="901,53,1005,77">
<area shape="rect" href="$cPlayMode_8cpp.html#3d00ff2c7c81826b98c3c861c1a9d416" title="generate_pickups_thread" alt="" coords="425,296,591,320">
<area shape="rect" href="$includes_8cpp.html#ff964b67fcabe155d88dff5b06278f69" title="Set common GL variables to predetermined sets of values." alt="" coords="472,368,544,392">
<area shape="rect" href="$classcPlayMode.html#9394975a38f9fd679f85bd8052991e97" title="cPlayMode::CreatePickups" alt="" coords="641,308,820,332">
<area shape="rect" href="$classcPlayMode.html#0800c98891eb91f1ea0622ef6eaefb5b" title="Add a pickup to the manager." alt="" coords="877,507,1029,531">
<area shape="rect" href="$includes_8cpp.html#5d595d84d8fbac52afb180d70fd06223" title="GenerateRandomNumber" alt="" coords="869,308,1037,332">
<area shape="rect" href="$includes_8cpp.html#5ac084ce4faa5f743501fd03a887d558" title="_rand" alt="" coords="1085,308,1139,332">
<area shape="rect" href="$includes_8cpp.html#9dcf3edccfb98af8ea1737f0f1265919" title="CheckErrors" alt="" coords="684,368,777,392">
<area shape="rect" href="$collisions_8cpp.html#18d1a223fa1d962cfc6b7c63e3f83ce9" title="AABBCollision3D" alt="" coords="447,851,569,875">
<area shape="rect" href="$classcShip.html#4c2125d77ceea73f298004750bbc726f" title="cShip::bump" alt="" coords="461,416,555,440">
<area shape="rect" href="$classcPlayTable.html#c83bd4ea839e52ef6c263842e99561bb" title="Delete a certain pickup from the table." alt="" coords="425,464,591,488">
<area shape="rect" href="$classcPlayTable.html#2ec2026c1692df6ca72630f531006f67" title="Get the height that a new pickup would drop into in the lane." alt="" coords="435,512,581,536">
<area shape="rect" href="$classcShip.html#b81ead0447287bdf01bac63675960502" title="cShip::respawn" alt="" coords="453,560,563,584">
<area shape="rect" href="$utils_8cpp.html#ea2f4fb50d0a88f77eea496d0b6008d3" title="TransformPoint3fv" alt="" coords="444,608,572,632">
<area shape="rect" href="$classcPlayTable.html#730a8698ef050d4068181927b76367f0" title="Update the table." alt="" coords="443,803,573,827">
<area shape="rect" href="$classcScore.html#92f9e01ad0f76d1cde18635a7aa9a149" title="cScore::update" alt="" coords="453,707,563,731">
<area shape="rect" href="$classcShip.html#2dca0dc953b6393a9d792440f3f15b1c" title="cShip::update" alt="" coords="457,755,559,779">
<area shape="rect" href="$utils_8cpp.html#1ae00e8af9d5c9a97bd0448bb04d354a" title="TransformPointf" alt="" coords="675,608,787,632">
<area shape="rect" href="$classcPlayTable.html#258832cb8f032c284ed326749a7d3897" title="cPlayTable::floodfill" alt="" coords="664,803,797,827">
<area shape="rect" href="$cPlayTable_8cpp.html#31e7a0d7f4773e3f437ab5dcbd70bd0e" title="_floodfill" alt="" coords="919,803,988,827">
