<area shape="rect" href="$cObjectManager_8h.html" title="cObjectManager.h" alt="" coords="397,81,523,105">
<area shape="rect" href="$iObject_8h.html" title="iObject.h" alt="" coords="377,230,449,254">
<area shape="rect" href="$includes_8h.html" title="../utils/includes.h" alt="" coords="261,305,381,329">
<area shape="rect" href="$cFlyingPickup_8h.html" title="cFlyingPickup.h" alt="" coords="451,156,565,180">
<area shape="rect" href="$cParticleSystem_8h.html" title="cParticleSystem.h" alt="" coords="625,156,753,180">
<area shape="rect" href="$cPlayTable_8h.html" title="cPlayTable.h" alt="" coords="176,156,272,180">
<area shape="rect" href="$c3DSModel_8h.html" title="../objects/c3DSModel.h" alt="" coords="213,380,371,404">
<area shape="rect" href="$utils_8h.html" title="../utils/utils.h" alt="" coords="473,230,569,254">
<area shape="rect" href="$collisions_8h.html" title="../utils/collisions.h" alt="" coords="496,380,621,404">
<area shape="rect" href="$cParticle_8h.html" title="cParticle.h" alt="" coords="696,380,779,404">
<area shape="rect" href="$cTexturedParticle_8h.html" title="cTexturedParticle.h" alt="" coords="775,305,908,329">
<area shape="rect" href="$cTexture_8h.html" title="cTexture.h" alt="" coords="803,380,885,404">
<area shape="rect" href="$cPlayNode_8h.html" title="cPlayNode.h" alt="" coords="25,230,121,254">
