<area shape="rect" href="$cPlayMode_8h.html" title="cPlayMode.h" alt="" coords="737,82,833,106">
<area shape="rect" href="$includes_8h.html" title="../utils/includes.h" alt="" coords="919,455,1039,479">
<area shape="rect" href="$iGameMode_8h.html" title="iGameMode.h" alt="" coords="195,530,296,554">
<area shape="rect" href="$cFont_8h.html" title="../objects/cFont.h" alt="" coords="319,455,441,479">
<area shape="rect" href="$iObject_8h.html" title="../objects/iObject.h" alt="" coords="761,380,892,404">
<area shape="rect" href="$cScorePickup_8h.html" title="../objects/cScorePickup.h" alt="" coords="761,156,932,180">
<area shape="rect" href="$cDownPickup_8h.html" title="../objects/cDownPickup.h" alt="" coords="956,156,1124,180">
<area shape="rect" href="$cParticleSystem_8h.html" title="../objects/cParticleSystem.h" alt="" coords="449,306,636,330">
<area shape="rect" href="$cTPPickup_8h.html" title="../objects/cTPPickup.h" alt="" coords="1148,156,1303,180">
<area shape="rect" href="$cShip_8h.html" title="../objects/cShip.h" alt="" coords="1463,306,1585,330">
<area shape="rect" href="$c3DSModel_8h.html" title="../objects/c3DSModel.h" alt="" coords="1016,530,1173,554">
<area shape="rect" href="$cScore_8h.html" title="../objects/cScore.h" alt="" coords="1197,530,1328,554">
<area shape="rect" href="$cTexture_8h.html" title="cTexture.h" alt="" coords="552,530,635,554">
<area shape="rect" href="$cFlyingPickup_8h.html" title="cFlyingPickup.h" alt="" coords="872,306,987,330">
<area shape="rect" href="$utils_8h.html" title="../utils/utils.h" alt="" coords="967,380,1063,404">
<area shape="rect" href="$collisions_8h.html" title="../utils/collisions.h" alt="" coords="765,530,891,554">
<area shape="rect" href="$cParticle_8h.html" title="cParticle.h" alt="" coords="659,530,741,554">
<area shape="rect" href="$cTexturedParticle_8h.html" title="cTexturedParticle.h" alt="" coords="484,455,617,479">
<area shape="rect" href="$cPlayTable_8h.html" title="cPlayTable.h" alt="" coords="1197,231,1293,255">
<area shape="rect" href="$cPlayNode_8h.html" title="cPlayNode.h" alt="" coords="1087,380,1183,404">
<area shape="rect" href="$cAnimatedTexture_8h.html" title="cAnimatedTexture.h" alt="" coords="1201,306,1337,330">
