<area shape="rect" href="$includes_8h.html" title="src/utils/includes.h" alt="" coords="1465,81,1596,105">
<area shape="rect" href="$main_8h.html" title="src/main.h" alt="" coords="1964,604,2047,628">
<area shape="rect" href="$cScore_8cpp.html" title="src/objects/cScore.cpp" alt="" coords="2179,81,2333,105">
<area shape="rect" href="$cPlayMode_8h.html" title="src/modes/cPlayMode.h" alt="" coords="672,454,835,478">
<area shape="rect" href="$iObject_8h.html" title="src/objects/iObject.h" alt="" coords="477,230,619,254">
<area shape="rect" href="$cFlyingPickup_8h.html" title="src/objects/cFlyingPickup.h" alt="" coords="872,305,1053,329">
<area shape="rect" href="$utils_8h.html" title="src/utils/utils.h" alt="" coords="1320,156,1427,180">
<area shape="rect" href="$cPlayTable_8h.html" title="src/objects/cPlayTable.h" alt="" coords="1320,305,1483,329">
<area shape="rect" href="$cMenuMode_8h.html" title="src/modes/cMenuMode.h" alt="" coords="1885,380,2053,404">
<area shape="rect" href="$cPlayNode_8h.html" title="src/objects/cPlayNode.h" alt="" coords="1508,156,1671,180">
<area shape="rect" href="$includes_8cpp.html" title="src/utils/includes.cpp" alt="" coords="1909,156,2053,180">
<area shape="rect" href="$main_8cpp.html" title="src/main.cpp" alt="" coords="1957,678,2053,702">
<area shape="rect" href="$cRandomMode_8h.html" title="src/modes/cRandomMode.h" alt="" coords="1204,529,1388,553">
<area shape="rect" href="$cMonoMode_8h.html" title="src/modes/cMonoMode.h" alt="" coords="1596,529,1764,553">
<area shape="rect" href="$cPlayMode_8cpp.html" title="src/modes/cPlayMode.cpp" alt="" coords="665,529,841,553">
<area shape="rect" href="$cRandomMode_8cpp.html" title="src/modes/cRandomMode.cpp" alt="" coords="1197,604,1395,628">
<area shape="rect" href="$cMonoMode_8cpp.html" title="src/modes/cMonoMode.cpp" alt="" coords="1589,604,1771,628">
<area shape="rect" href="$cParticleSystem_8h.html" title="src/objects/cParticleSystem.h" alt="" coords="384,305,579,329">
<area shape="rect" href="$cShip_8h.html" title="src/objects/cShip.h" alt="" coords="48,305,181,329">
<area shape="rect" href="$iObject_8cpp.html" title="src/objects/iObject.cpp" alt="" coords="205,305,360,329">
<area shape="rect" href="$cScorePickup_8h.html" title="src/objects/cScorePickup.h" alt="" coords="872,380,1053,404">
<area shape="rect" href="$cDownPickup_8h.html" title="src/objects/cDownPickup.h" alt="" coords="1077,380,1256,404">
<area shape="rect" href="$cTPPickup_8h.html" title="src/objects/cTPPickup.h" alt="" coords="1280,380,1443,404">
<area shape="rect" href="$cFlyingPickup_8cpp.html" title="src/objects/cFlyingPickup.cpp" alt="" coords="653,380,848,404">
<area shape="rect" href="$cScorePickup_8cpp.html" title="src/objects/cScorePickup.cpp" alt="" coords="859,454,1053,478">
<area shape="rect" href="$cDownPickup_8cpp.html" title="src/objects/cDownPickup.cpp" alt="" coords="1077,454,1269,478">
<area shape="rect" href="$cTPPickup_8cpp.html" title="src/objects/cTPPickup.cpp" alt="" coords="1293,454,1472,478">
<area shape="rect" href="$cParticleSystem_8cpp.html" title="src/objects/cParticleSystem.cpp" alt="" coords="368,380,579,404">
<area shape="rect" href="$cShip_8cpp.html" title="src/objects/cShip.cpp" alt="" coords="48,380,195,404">
<area shape="rect" href="$cAnimatedTexture_8h.html" title="src/objects/cAnimatedTexture.h" alt="" coords="1084,230,1289,254">
<area shape="rect" href="$cMenuItem_8h.html" title="src/objects/cMenuItem.h" alt="" coords="1559,230,1724,254">
<area shape="rect" href="$utils_8cpp.html" title="src/utils/utils.cpp" alt="" coords="1313,230,1433,254">
<area shape="rect" href="$cAnimatedTexture_8cpp.html" title="src/objects/cAnimatedTexture.cpp" alt="" coords="1077,305,1296,329">
<area shape="rect" href="$cPlayTable_8cpp.html" title="src/objects/cPlayTable.cpp" alt="" coords="1467,380,1645,404">
<area shape="rect" href="$cMenuSpacer_8h.html" title="src/objects/cMenuSpacer.h" alt="" coords="1507,305,1685,329">
<area shape="rect" href="$cMenuItem_8cpp.html" title="src/objects/cMenuItem.cpp" alt="" coords="1709,305,1888,329">
<area shape="rect" href="$cMenuMode_8cpp.html" title="src/modes/cMenuMode.cpp" alt="" coords="1787,454,1968,478">
<area shape="rect" href="$cMenuSpacer_8cpp.html" title="src/objects/cMenuSpacer.cpp" alt="" coords="1669,380,1861,404">
<area shape="rect" href="$cPlayNode_8cpp.html" title="src/objects/cPlayNode.cpp" alt="" coords="1748,230,1924,254">
