<area shape="rect" href="$classcRandomMode.html#03e24eee22411c771ac74f9f2063b89c" title="cRandomMode::init" alt="" coords="255,5,388,29">
<area shape="rect" href="$classcPlayMode.html#6d58169ee910f126d12b826ae865328a" title="cPlayMode::init" alt="" coords="265,91,377,115">
<area shape="rect" href="$classcMonoMode.html#1ac9feba1166226ff8fe0f8d0d379c2f" title="cMonoMode::init" alt="" coords="263,139,380,163">
<area shape="rect" href="$main_8h.html#d8b46e19dcbf735688b523d87b3ac8e2" title="InitGL" alt="" coords="293,188,349,212">
<area shape="rect" href="$includes_8h.html#ff964b67fcabe155d88dff5b06278f69" title="Set common GL variables to predetermined sets of values." alt="" coords="125,109,197,133">
<area shape="rect" href="$classcMenuMode.html#5934eec1a4fce7a79f6455b64d943eb8" title="cMenuMode::mainloop" alt="" coords="245,239,397,263">
<area shape="rect" href="$classcPlayMode.html#1fcc15c62aa9c47cc058215926bb55b5" title="cPlayMode::mainloop" alt="" coords="445,91,592,115">
<area shape="rect" href="$main_8h.html#d19abaacb073bdef7940926f64b2aace" title="Init" alt="" coords="499,188,539,212">
<area shape="rect" href="$main_8cpp.html#e66f6b31b5ad750f1fe042a706a4e3d4" title="main" alt="" coords="641,188,689,212">
