<area shape="rect" href="$main_8h.html" title="src/main.h" alt="" coords="2141,530,2224,554">
<area shape="rect" href="$cPlayMode_8h.html" title="src/modes/cPlayMode.h" alt="" coords="948,380,1111,404">
<area shape="rect" href="$iObject_8h.html" title="src/objects/iObject.h" alt="" coords="732,156,873,180">
<area shape="rect" href="$cFlyingPickup_8h.html" title="src/objects/cFlyingPickup.h" alt="" coords="1217,231,1399,255">
<area shape="rect" href="$utils_8h.html" title="src/utils/utils.h" alt="" coords="1573,82,1680,106">
<area shape="rect" href="$cPlayTable_8h.html" title="src/objects/cPlayTable.h" alt="" coords="1665,231,1828,255">
<area shape="rect" href="$cMenuMode_8h.html" title="src/modes/cMenuMode.h" alt="" coords="2237,306,2405,330">
<area shape="rect" href="$cPlayNode_8h.html" title="src/objects/cPlayNode.h" alt="" coords="1788,82,1951,106">
<area shape="rect" href="$includes_8cpp.html" title="src/utils/includes.cpp" alt="" coords="2480,82,2624,106">
<area shape="rect" href="$main_8cpp.html" title="src/main.cpp" alt="" coords="2135,604,2231,628">
<area shape="rect" href="$cRandomMode_8h.html" title="src/modes/cRandomMode.h" alt="" coords="937,455,1121,479">
<area shape="rect" href="$cMonoMode_8h.html" title="src/modes/cMonoMode.h" alt="" coords="1744,455,1912,479">
<area shape="rect" href="$cPlayMode_8cpp.html" title="src/modes/cPlayMode.cpp" alt="" coords="1145,455,1321,479">
<area shape="rect" href="$cRandomMode_8cpp.html" title="src/modes/cRandomMode.cpp" alt="" coords="931,530,1128,554">
<area shape="rect" href="$cMonoMode_8cpp.html" title="src/modes/cMonoMode.cpp" alt="" coords="1737,530,1919,554">
<area shape="rect" href="$cParticleSystem_8h.html" title="src/objects/cParticleSystem.h" alt="" coords="612,231,807,255">
<area shape="rect" href="$cShip_8h.html" title="src/objects/cShip.h" alt="" coords="831,231,964,255">
<area shape="rect" href="$iObject_8cpp.html" title="src/objects/iObject.cpp" alt="" coords="308,231,463,255">
<area shape="rect" href="$cScorePickup_8h.html" title="src/objects/cScorePickup.h" alt="" coords="1005,306,1187,330">
<area shape="rect" href="$cDownPickup_8h.html" title="src/objects/cDownPickup.h" alt="" coords="1429,306,1608,330">
<area shape="rect" href="$cTPPickup_8h.html" title="src/objects/cTPPickup.h" alt="" coords="1632,306,1795,330">
<area shape="rect" href="$cFlyingPickup_8cpp.html" title="src/objects/cFlyingPickup.cpp" alt="" coords="1211,306,1405,330">
<area shape="rect" href="$cScorePickup_8cpp.html" title="src/objects/cScorePickup.cpp" alt="" coords="1135,380,1329,404">
<area shape="rect" href="$cDownPickup_8cpp.html" title="src/objects/cDownPickup.cpp" alt="" coords="1415,380,1607,404">
<area shape="rect" href="$cTPPickup_8cpp.html" title="src/objects/cTPPickup.cpp" alt="" coords="1631,380,1809,404">
<area shape="rect" href="$cParticleSystem_8cpp.html" title="src/objects/cParticleSystem.cpp" alt="" coords="499,306,709,330">
<area shape="rect" href="$cShip_8cpp.html" title="src/objects/cShip.cpp" alt="" coords="784,306,931,330">
<area shape="rect" href="$cAnimatedTexture_8h.html" title="src/objects/cAnimatedTexture.h" alt="" coords="1627,156,1832,180">
<area shape="rect" href="$cMenuItem_8h.html" title="src/objects/cMenuItem.h" alt="" coords="1907,156,2072,180">
<area shape="rect" href="$utils_8cpp.html" title="src/utils/utils.cpp" alt="" coords="1483,156,1603,180">
<area shape="rect" href="$cAnimatedTexture_8cpp.html" title="src/objects/cAnimatedTexture.cpp" alt="" coords="1423,231,1641,255">
<area shape="rect" href="$cPlayTable_8cpp.html" title="src/objects/cPlayTable.cpp" alt="" coords="1819,306,1997,330">
<area shape="rect" href="$cMenuSpacer_8h.html" title="src/objects/cMenuSpacer.h" alt="" coords="2055,231,2233,255">
<area shape="rect" href="$cMenuItem_8cpp.html" title="src/objects/cMenuItem.cpp" alt="" coords="1852,231,2031,255">
<area shape="rect" href="$cMenuMode_8cpp.html" title="src/modes/cMenuMode.cpp" alt="" coords="2103,380,2284,404">
<area shape="rect" href="$cMenuSpacer_8cpp.html" title="src/objects/cMenuSpacer.cpp" alt="" coords="2021,306,2213,330">
<area shape="rect" href="$cPlayNode_8cpp.html" title="src/objects/cPlayNode.cpp" alt="" coords="2096,156,2272,180">
