<area shape="rect" href="$cPlayMode_8h.html" title="src/modes/cPlayMode.h" alt="" coords="801,230,964,254">
<area shape="rect" href="$cFlyingPickup_8h.html" title="src/objects/cFlyingPickup.h" alt="" coords="428,81,609,105">
<area shape="rect" href="$cParticleSystem_8h.html" title="src/objects/cParticleSystem.h" alt="" coords="1080,81,1275,105">
<area shape="rect" href="$cShip_8h.html" title="src/objects/cShip.h" alt="" coords="887,81,1020,105">
<area shape="rect" href="$iObject_8cpp.html" title="src/objects/iObject.cpp" alt="" coords="1299,81,1453,105">
<area shape="rect" href="$cRandomMode_8h.html" title="src/modes/cRandomMode.h" alt="" coords="791,305,975,329">
<area shape="rect" href="$cMonoMode_8h.html" title="src/modes/cMonoMode.h" alt="" coords="599,305,767,329">
<area shape="rect" href="$cPlayMode_8cpp.html" title="src/modes/cPlayMode.cpp" alt="" coords="999,305,1175,329">
<area shape="rect" href="$main_8h.html" title="src/main.h" alt="" coords="737,380,820,404">
<area shape="rect" href="$cRandomMode_8cpp.html" title="src/modes/cRandomMode.cpp" alt="" coords="844,380,1041,404">
<area shape="rect" href="$main_8cpp.html" title="src/main.cpp" alt="" coords="731,454,827,478">
<area shape="rect" href="$cMonoMode_8cpp.html" title="src/modes/cMonoMode.cpp" alt="" coords="532,380,713,404">
<area shape="rect" href="$cScorePickup_8h.html" title="src/objects/cScorePickup.h" alt="" coords="224,156,405,180">
<area shape="rect" href="$cDownPickup_8h.html" title="src/objects/cDownPickup.h" alt="" coords="429,156,608,180">
<area shape="rect" href="$cTPPickup_8h.html" title="src/objects/cTPPickup.h" alt="" coords="632,156,795,180">
<area shape="rect" href="$cFlyingPickup_8cpp.html" title="src/objects/cFlyingPickup.cpp" alt="" coords="5,156,200,180">
<area shape="rect" href="$cScorePickup_8cpp.html" title="src/objects/cScorePickup.cpp" alt="" coords="164,230,359,254">
<area shape="rect" href="$cDownPickup_8cpp.html" title="src/objects/cDownPickup.cpp" alt="" coords="383,230,575,254">
<area shape="rect" href="$cTPPickup_8cpp.html" title="src/objects/cTPPickup.cpp" alt="" coords="599,230,777,254">
<area shape="rect" href="$cParticleSystem_8cpp.html" title="src/objects/cParticleSystem.cpp" alt="" coords="1091,156,1301,180">
<area shape="rect" href="$cShip_8cpp.html" title="src/objects/cShip.cpp" alt="" coords="920,156,1067,180">
