<area shape="rect" href="$main_8h.html" title="main.h" alt="" coords="1349,81,1408,105">
<area shape="rect" href="$includes_8h.html" title="utils/includes.h" alt="" coords="805,604,912,628">
<area shape="rect" href="$cScore_8h.html" title="../objects/cScore.h" alt="" coords="604,679,735,703">
<area shape="rect" href="$cFont_8h.html" title="objects/cFont.h" alt="" coords="1653,529,1765,553">
<area shape="rect" href="$cRandomMode_8h.html" title="modes/cRandomMode.h" alt="" coords="972,156,1135,180">
<area shape="rect" href="$cMenuMode_8h.html" title="modes/cMenuMode.h" alt="" coords="1376,305,1523,329">
<area shape="rect" href="$cQuitMode_8h.html" title="modes/cQuitMode.h" alt="" coords="1543,231,1681,255">
<area shape="rect" href="$cMonoMode_8h.html" title="modes/cMonoMode.h" alt="" coords="783,156,929,180">
<area shape="rect" href="$c3DSModel_8h.html" title="../objects/c3DSModel.h" alt="" coords="1623,679,1780,703">
<area shape="rect" href="$cTexture_8h.html" title="cTexture.h" alt="" coords="1263,604,1345,628">
<area shape="rect" href="$cPlayMode_8h.html" title="cPlayMode.h" alt="" coords="789,231,885,255">
<area shape="rect" href="$iGameMode_8h.html" title="iGameMode.h" alt="" coords="1528,529,1629,553">
<area shape="rect" href="$iObject_8h.html" title="../objects/iObject.h" alt="" coords="488,529,619,553">
<area shape="rect" href="$cScorePickup_8h.html" title="../objects/cScorePickup.h" alt="" coords="715,305,885,329">
<area shape="rect" href="$cDownPickup_8h.html" title="../objects/cDownPickup.h" alt="" coords="523,305,691,329">
<area shape="rect" href="$cParticleSystem_8h.html" title="../objects/cParticleSystem.h" alt="" coords="341,455,528,479">
<area shape="rect" href="$cTPPickup_8h.html" title="../objects/cTPPickup.h" alt="" coords="909,305,1064,329">
<area shape="rect" href="$cShip_8h.html" title="../objects/cShip.h" alt="" coords="144,455,267,479">
<area shape="rect" href="$cFlyingPickup_8h.html" title="cFlyingPickup.h" alt="" coords="603,455,717,479">
<area shape="rect" href="$utils_8h.html" title="../utils/utils.h" alt="" coords="1205,529,1301,553">
<area shape="rect" href="$collisions_8h.html" title="../utils/collisions.h" alt="" coords="967,679,1092,703">
<area shape="rect" href="$cParticle_8h.html" title="cParticle.h" alt="" coords="809,679,892,703">
<area shape="rect" href="$cTexturedParticle_8h.html" title="cTexturedParticle.h" alt="" coords="997,529,1131,553">
<area shape="rect" href="$cPlayTable_8h.html" title="cPlayTable.h" alt="" coords="797,380,893,404">
<area shape="rect" href="$cPlayNode_8h.html" title="cPlayNode.h" alt="" coords="792,455,888,479">
<area shape="rect" href="$cAnimatedTexture_8h.html" title="cAnimatedTexture.h" alt="" coords="1115,455,1251,479">
<area shape="rect" href="$cMenuItem_8h.html" title="../objects/cMenuItem.h" alt="" coords="1517,455,1672,479">
<area shape="rect" href="$cMenuSpacer_8h.html" title="../objects/cMenuSpacer.h" alt="" coords="1528,380,1696,404">
