<area shape="rect" href="$cFlyingPickup_8h.html" title="src/objects/cFlyingPickup.h" alt="" coords="392,156,573,180">
<area shape="rect" href="$cAnimatedTexture_8h.html" title="src/objects/cAnimatedTexture.h" alt="" coords="796,81,1001,105">
<area shape="rect" href="$cMenuItem_8h.html" title="src/objects/cMenuItem.h" alt="" coords="1025,81,1191,105">
<area shape="rect" href="$utils_8cpp.html" title="src/utils/utils.cpp" alt="" coords="1215,81,1335,105">
<area shape="rect" href="$cScorePickup_8h.html" title="src/objects/cScorePickup.h" alt="" coords="221,231,403,255">
<area shape="rect" href="$cDownPickup_8h.html" title="src/objects/cDownPickup.h" alt="" coords="19,231,197,255">
<area shape="rect" href="$cTPPickup_8h.html" title="src/objects/cTPPickup.h" alt="" coords="645,231,808,255">
<area shape="rect" href="$cFlyingPickup_8cpp.html" title="src/objects/cFlyingPickup.cpp" alt="" coords="427,231,621,255">
<area shape="rect" href="$cPlayMode_8h.html" title="src/modes/cPlayMode.h" alt="" coords="445,305,608,329">
<area shape="rect" href="$cScorePickup_8cpp.html" title="src/objects/cScorePickup.cpp" alt="" coords="221,305,416,329">
<area shape="rect" href="$cRandomMode_8h.html" title="src/modes/cRandomMode.h" alt="" coords="671,380,855,404">
<area shape="rect" href="$cMonoMode_8h.html" title="src/modes/cMonoMode.h" alt="" coords="279,380,447,404">
<area shape="rect" href="$cPlayMode_8cpp.html" title="src/modes/cPlayMode.cpp" alt="" coords="471,380,647,404">
<area shape="rect" href="$main_8h.html" title="src/main.h" alt="" coords="803,455,885,479">
<area shape="rect" href="$cRandomMode_8cpp.html" title="src/modes/cRandomMode.cpp" alt="" coords="581,455,779,479">
<area shape="rect" href="$main_8cpp.html" title="src/main.cpp" alt="" coords="796,529,892,553">
<area shape="rect" href="$cMonoMode_8cpp.html" title="src/modes/cMonoMode.cpp" alt="" coords="272,455,453,479">
<area shape="rect" href="$cDownPickup_8cpp.html" title="src/objects/cDownPickup.cpp" alt="" coords="5,305,197,329">
<area shape="rect" href="$cTPPickup_8cpp.html" title="src/objects/cTPPickup.cpp" alt="" coords="637,305,816,329">
<area shape="rect" href="$cPlayTable_8h.html" title="src/objects/cPlayTable.h" alt="" coords="840,156,1003,180">
<area shape="rect" href="$cAnimatedTexture_8cpp.html" title="src/objects/cAnimatedTexture.cpp" alt="" coords="597,156,816,180">
<area shape="rect" href="$cPlayTable_8cpp.html" title="src/objects/cPlayTable.cpp" alt="" coords="832,231,1011,255">
<area shape="rect" href="$cMenuMode_8h.html" title="src/modes/cMenuMode.h" alt="" coords="1035,231,1203,255">
<area shape="rect" href="$cMenuSpacer_8h.html" title="src/objects/cMenuSpacer.h" alt="" coords="1100,156,1279,180">
<area shape="rect" href="$cMenuItem_8cpp.html" title="src/objects/cMenuItem.cpp" alt="" coords="1303,156,1481,180">
<area shape="rect" href="$cMenuMode_8cpp.html" title="src/modes/cMenuMode.cpp" alt="" coords="1028,305,1209,329">
<area shape="rect" href="$cMenuSpacer_8cpp.html" title="src/objects/cMenuSpacer.cpp" alt="" coords="1227,231,1419,255">
