<area shape="rect" href="$cPlayMode_8cpp.html#3d00ff2c7c81826b98c3c861c1a9d416" title="generate_pickups_thread" alt="" coords="172,30,337,54">
<area shape="rect" href="$includes_8cpp.html#ff964b67fcabe155d88dff5b06278f69" title="Set common GL variables to predetermined sets of values." alt="" coords="219,102,291,126">
<area shape="rect" href="$classcPlayMode.html#9394975a38f9fd679f85bd8052991e97" title="cPlayMode::CreatePickups" alt="" coords="388,30,567,54">
<area shape="rect" href="$classcPlayMode.html#0800c98891eb91f1ea0622ef6eaefb5b" title="Add a pickup to the manager." alt="" coords="624,6,776,30">
<area shape="rect" href="$includes_8cpp.html#5d595d84d8fbac52afb180d70fd06223" title="GenerateRandomNumber" alt="" coords="616,54,784,78">
<area shape="rect" href="$includes_8cpp.html#5ac084ce4faa5f743501fd03a887d558" title="_rand" alt="" coords="832,54,885,78">
<area shape="rect" href="$includes_8cpp.html#9dcf3edccfb98af8ea1737f0f1265919" title="CheckErrors" alt="" coords="431,102,524,126">
