<area shape="rect" href="$classcPlayMode.html#9394975a38f9fd679f85bd8052991e97" title="cPlayMode::CreatePickups" alt="" coords="212,53,391,77">
<area shape="rect" href="$classcMonoMode.html#f7e7084c8a80667f9b1b266ef284c10c" title="cMonoMode::CreatePickups" alt="" coords="209,101,393,125">
<area shape="rect" href="$classcPlayMode.html#c14c033539693baad0dd7a8db04a48b8" title="Updates game state." alt="" coords="459,151,595,175">
<area shape="rect" href="$cPlayMode_8h.html#136b13e275d28e2afadf49e2ca319a76" title="generate_pickups_thread" alt="" coords="444,53,609,77">
<area shape="rect" href="$classcRandomMode.html#03e24eee22411c771ac74f9f2063b89c" title="cRandomMode::init" alt="" coords="659,5,792,29">
<area shape="rect" href="$classcPlayMode.html#6d58169ee910f126d12b826ae865328a" title="cPlayMode::init" alt="" coords="669,53,781,77">
<area shape="rect" href="$classcMonoMode.html#1ac9feba1166226ff8fe0f8d0d379c2f" title="cMonoMode::init" alt="" coords="667,101,784,125">
<area shape="rect" href="$classcPlayMode.html#1fcc15c62aa9c47cc058215926bb55b5" title="cPlayMode::mainloop" alt="" coords="840,103,987,127">
