<area shape="rect" href="$classcMenuMode.html#214dad4f7cbf055030be0a0a1a23f3c5" title="cMenuMode::movedown" alt="" coords="232,6,395,30">
<area shape="rect" href="$classcMenuMode.html#e08658d0d13eef9370f1da55963c10dc" title="cMenuMode::moveup" alt="" coords="240,54,387,78">
<area shape="rect" href="$classcMenuMode.html#76c691e0ce1756b6a20678a2b6405138" title="cMenuMode::select" alt="" coords="245,102,381,126">
<area shape="rect" href="$classcMenuMode.html#5e4a2f633b017c8fcd7018a43d4f6476" title="cMenuMode::draw" alt="" coords="457,54,585,78">
<area shape="rect" href="$classcMenuMode.html#fdcf51bbf518dfc294b19d413b6de7ea" title="cMenuMode::init" alt="" coords="463,102,580,126">
<area shape="rect" href="$classcMenuMode.html#4e7c14c1cdaa3a297de2c29be5cba6aa" title="cMenuMode::loadmode" alt="" coords="444,150,599,174">
<area shape="rect" href="$includes_8cpp.html#ff964b67fcabe155d88dff5b06278f69" title="Set common GL variables to predetermined sets of values." alt="" coords="688,102,760,126">
<area shape="rect" href="$includes_8cpp.html#9dcf3edccfb98af8ea1737f0f1265919" title="CheckErrors" alt="" coords="848,102,941,126">
<area shape="rect" href="$classiGameMode.html#ad5f3c957f5ee9e440d2af66bf13fba0" title="iGameMode::mainloop" alt="" coords="648,150,800,174">
