<area shape="rect" href="$classcTexturedParticle.html#2a7c5582c47a316671f9afe5d9a99f21" title="cTexturedParticle::draw" alt="" coords="157,6,315,30">
<area shape="rect" href="$classcFont.html#013a0398de4b769106b7f473751171ad" title="Draw a string at the current coordinates." alt="" coords="192,54,280,78">
<area shape="rect" href="$classcFont.html#771d1dbc72b4f6a50602c9f527e220ea" title="Draw all characters at the current coordinates." alt="" coords="192,102,280,126">
<area shape="rect" href="$classcMenuItem.html#594526074a0f79d666a474f248c5eb6b" title="cMenuItem::draw" alt="" coords="377,30,497,54">
<area shape="rect" href="$classcPlayMode.html#5b40786f649407640a94b3ab076a8a02" title="cPlayMode::DrawText" alt="" coords="364,78,511,102">
<area shape="rect" href="$classcPlayMode.html#07d82a908c552ac73b0beb9bfadf801f" title="Performs all the drawing functions." alt="" coords="561,78,724,102">
<area shape="rect" href="$classcPlayMode.html#1fcc15c62aa9c47cc058215926bb55b5" title="cPlayMode::mainloop" alt="" coords="773,78,920,102">
