<area shape="rect" href="$iObject_8h.html" title="iObject.h" alt="" coords="377,156,449,180">
<area shape="rect" href="$includes_8h.html" title="../utils/includes.h" alt="" coords="261,231,381,255">
<area shape="rect" href="$cFlyingPickup_8h.html" title="cFlyingPickup.h" alt="" coords="451,82,565,106">
<area shape="rect" href="$cParticleSystem_8h.html" title="cParticleSystem.h" alt="" coords="625,82,753,106">
<area shape="rect" href="$cPlayTable_8h.html" title="cPlayTable.h" alt="" coords="176,82,272,106">
<area shape="rect" href="$c3DSModel_8h.html" title="../objects/c3DSModel.h" alt="" coords="213,306,371,330">
<area shape="rect" href="$utils_8h.html" title="../utils/utils.h" alt="" coords="473,156,569,180">
<area shape="rect" href="$collisions_8h.html" title="../utils/collisions.h" alt="" coords="496,306,621,330">
<area shape="rect" href="$cParticle_8h.html" title="cParticle.h" alt="" coords="696,306,779,330">
<area shape="rect" href="$cTexturedParticle_8h.html" title="cTexturedParticle.h" alt="" coords="775,231,908,255">
<area shape="rect" href="$cTexture_8h.html" title="cTexture.h" alt="" coords="803,306,885,330">
<area shape="rect" href="$cPlayNode_8h.html" title="cPlayNode.h" alt="" coords="25,156,121,180">
