<area shape="rect" href="$cFlyingPickup_8h.html" title="src/objects/cFlyingPickup.h" alt="" coords="460,81,641,105">
<area shape="rect" href="$collisions_8cpp.html" title="src/utils/collisions.cpp" alt="" coords="665,81,815,105">
<area shape="rect" href="$cScorePickup_8h.html" title="src/objects/cScorePickup.h" alt="" coords="559,156,740,180">
<area shape="rect" href="$cDownPickup_8h.html" title="src/objects/cDownPickup.h" alt="" coords="169,156,348,180">
<area shape="rect" href="$cTPPickup_8h.html" title="src/objects/cTPPickup.h" alt="" coords="372,156,535,180">
<area shape="rect" href="$cFlyingPickup_8cpp.html" title="src/objects/cFlyingPickup.cpp" alt="" coords="764,156,959,180">
<area shape="rect" href="$cPlayMode_8h.html" title="src/modes/cPlayMode.h" alt="" coords="275,230,437,254">
<area shape="rect" href="$cScorePickup_8cpp.html" title="src/objects/cScorePickup.cpp" alt="" coords="664,230,859,254">
<area shape="rect" href="$cRandomMode_8h.html" title="src/modes/cRandomMode.h" alt="" coords="264,305,448,329">
<area shape="rect" href="$cMonoMode_8h.html" title="src/modes/cMonoMode.h" alt="" coords="72,305,240,329">
<area shape="rect" href="$cPlayMode_8cpp.html" title="src/modes/cPlayMode.cpp" alt="" coords="472,305,648,329">
<area shape="rect" href="$main_8h.html" title="src/main.h" alt="" coords="211,380,293,404">
<area shape="rect" href="$cRandomMode_8cpp.html" title="src/modes/cRandomMode.cpp" alt="" coords="317,380,515,404">
<area shape="rect" href="$main_8cpp.html" title="src/main.cpp" alt="" coords="204,454,300,478">
<area shape="rect" href="$cMonoMode_8cpp.html" title="src/modes/cMonoMode.cpp" alt="" coords="5,380,187,404">
<area shape="rect" href="$cDownPickup_8cpp.html" title="src/objects/cDownPickup.cpp" alt="" coords="59,230,251,254">
<area shape="rect" href="$cTPPickup_8cpp.html" title="src/objects/cTPPickup.cpp" alt="" coords="461,230,640,254">
