<area shape="rect" href="$includes_8h.html" title="../utils/includes.h" alt="" coords="919,380,1039,404">
<area shape="rect" href="$iGameMode_8h.html" title="iGameMode.h" alt="" coords="195,455,296,479">
<area shape="rect" href="$cFont_8h.html" title="../objects/cFont.h" alt="" coords="319,380,441,404">
<area shape="rect" href="$iObject_8h.html" title="../objects/iObject.h" alt="" coords="761,305,892,329">
<area shape="rect" href="$cScorePickup_8h.html" title="../objects/cScorePickup.h" alt="" coords="761,81,932,105">
<area shape="rect" href="$cDownPickup_8h.html" title="../objects/cDownPickup.h" alt="" coords="956,81,1124,105">
<area shape="rect" href="$cParticleSystem_8h.html" title="../objects/cParticleSystem.h" alt="" coords="449,231,636,255">
<area shape="rect" href="$cTPPickup_8h.html" title="../objects/cTPPickup.h" alt="" coords="1148,81,1303,105">
<area shape="rect" href="$cShip_8h.html" title="../objects/cShip.h" alt="" coords="1463,231,1585,255">
<area shape="rect" href="$c3DSModel_8h.html" title="../objects/c3DSModel.h" alt="" coords="1016,455,1173,479">
<area shape="rect" href="$cScore_8h.html" title="../objects/cScore.h" alt="" coords="1197,455,1328,479">
<area shape="rect" href="$cTexture_8h.html" title="cTexture.h" alt="" coords="552,455,635,479">
<area shape="rect" href="$cFlyingPickup_8h.html" title="cFlyingPickup.h" alt="" coords="872,231,987,255">
<area shape="rect" href="$utils_8h.html" title="../utils/utils.h" alt="" coords="967,305,1063,329">
<area shape="rect" href="$collisions_8h.html" title="../utils/collisions.h" alt="" coords="765,455,891,479">
<area shape="rect" href="$cParticle_8h.html" title="cParticle.h" alt="" coords="659,455,741,479">
<area shape="rect" href="$cTexturedParticle_8h.html" title="cTexturedParticle.h" alt="" coords="484,380,617,404">
<area shape="rect" href="$cPlayTable_8h.html" title="cPlayTable.h" alt="" coords="1197,156,1293,180">
<area shape="rect" href="$cPlayNode_8h.html" title="cPlayNode.h" alt="" coords="1087,305,1183,329">
<area shape="rect" href="$cAnimatedTexture_8h.html" title="cAnimatedTexture.h" alt="" coords="1201,231,1337,255">
