<area shape="rect" href="$cRandomMode_8h.html" title="cRandomMode.h" alt="" coords="725,81,845,105">
<area shape="rect" href="$cPlayMode_8h.html" title="cPlayMode.h" alt="" coords="737,156,833,180">
<area shape="rect" href="$includes_8h.html" title="../utils/includes.h" alt="" coords="919,529,1039,553">
<area shape="rect" href="$iGameMode_8h.html" title="iGameMode.h" alt="" coords="195,604,296,628">
<area shape="rect" href="$cFont_8h.html" title="../objects/cFont.h" alt="" coords="319,529,441,553">
<area shape="rect" href="$iObject_8h.html" title="../objects/iObject.h" alt="" coords="761,454,892,478">
<area shape="rect" href="$cScorePickup_8h.html" title="../objects/cScorePickup.h" alt="" coords="761,230,932,254">
<area shape="rect" href="$cDownPickup_8h.html" title="../objects/cDownPickup.h" alt="" coords="956,230,1124,254">
<area shape="rect" href="$cParticleSystem_8h.html" title="../objects/cParticleSystem.h" alt="" coords="449,380,636,404">
<area shape="rect" href="$cTPPickup_8h.html" title="../objects/cTPPickup.h" alt="" coords="1148,230,1303,254">
<area shape="rect" href="$cShip_8h.html" title="../objects/cShip.h" alt="" coords="1463,380,1585,404">
<area shape="rect" href="$c3DSModel_8h.html" title="../objects/c3DSModel.h" alt="" coords="1016,604,1173,628">
<area shape="rect" href="$cScore_8h.html" title="../objects/cScore.h" alt="" coords="1197,604,1328,628">
<area shape="rect" href="$cTexture_8h.html" title="cTexture.h" alt="" coords="552,604,635,628">
<area shape="rect" href="$cFlyingPickup_8h.html" title="cFlyingPickup.h" alt="" coords="872,380,987,404">
<area shape="rect" href="$utils_8h.html" title="../utils/utils.h" alt="" coords="967,454,1063,478">
<area shape="rect" href="$collisions_8h.html" title="../utils/collisions.h" alt="" coords="765,604,891,628">
<area shape="rect" href="$cParticle_8h.html" title="cParticle.h" alt="" coords="659,604,741,628">
<area shape="rect" href="$cTexturedParticle_8h.html" title="cTexturedParticle.h" alt="" coords="484,529,617,553">
<area shape="rect" href="$cPlayTable_8h.html" title="cPlayTable.h" alt="" coords="1197,305,1293,329">
<area shape="rect" href="$cPlayNode_8h.html" title="cPlayNode.h" alt="" coords="1087,454,1183,478">
<area shape="rect" href="$cAnimatedTexture_8h.html" title="cAnimatedTexture.h" alt="" coords="1201,380,1337,404">
