<area shape="rect" href="$cFont_8h.html" title="src/objects/cFont.h" alt="" coords="301,156,435,180">
<area shape="rect" href="$cTexturedParticle_8h.html" title="src/objects/cTexturedParticle.h" alt="" coords="696,81,896,105">
<area shape="rect" href="$cAnimatedTexture_8h.html" title="src/objects/cAnimatedTexture.h" alt="" coords="921,81,1127,105">
<area shape="rect" href="$cTexture_8cpp.html" title="src/objects/cTexture.cpp" alt="" coords="1151,81,1313,105">
<area shape="rect" href="$main_8h.html" title="src/main.h" alt="" coords="437,455,520,479">
<area shape="rect" href="$cPlayMode_8h.html" title="src/modes/cPlayMode.h" alt="" coords="755,305,917,329">
<area shape="rect" href="$cMenuItem_8h.html" title="src/objects/cMenuItem.h" alt="" coords="99,231,264,255">
<area shape="rect" href="$cFont_8cpp.html" title="src/objects/cFont.cpp" alt="" coords="295,231,441,255">
<area shape="rect" href="$main_8cpp.html" title="src/main.cpp" alt="" coords="431,529,527,553">
<area shape="rect" href="$cRandomMode_8h.html" title="src/modes/cRandomMode.h" alt="" coords="544,380,728,404">
<area shape="rect" href="$cMonoMode_8h.html" title="src/modes/cMonoMode.h" alt="" coords="752,380,920,404">
<area shape="rect" href="$cPlayMode_8cpp.html" title="src/modes/cPlayMode.cpp" alt="" coords="944,380,1120,404">
<area shape="rect" href="$cRandomMode_8cpp.html" title="src/modes/cRandomMode.cpp" alt="" coords="544,455,741,479">
<area shape="rect" href="$cMonoMode_8cpp.html" title="src/modes/cMonoMode.cpp" alt="" coords="765,455,947,479">
<area shape="rect" href="$cMenuMode_8h.html" title="src/modes/cMenuMode.h" alt="" coords="12,380,180,404">
<area shape="rect" href="$cMenuSpacer_8h.html" title="src/objects/cMenuSpacer.h" alt="" coords="73,305,252,329">
<area shape="rect" href="$cMenuItem_8cpp.html" title="src/objects/cMenuItem.cpp" alt="" coords="276,305,455,329">
<area shape="rect" href="$cMenuMode_8cpp.html" title="src/modes/cMenuMode.cpp" alt="" coords="5,455,187,479">
<area shape="rect" href="$cMenuSpacer_8cpp.html" title="src/objects/cMenuSpacer.cpp" alt="" coords="204,380,396,404">
<area shape="rect" href="$cParticleSystem_8h.html" title="src/objects/cParticleSystem.h" alt="" coords="699,156,893,180">
<area shape="rect" href="$cTexturedParticle_8cpp.html" title="src/objects/cTexturedParticle.cpp" alt="" coords="459,156,675,180">
<area shape="rect" href="$cParticleSystem_8cpp.html" title="src/objects/cParticleSystem.cpp" alt="" coords="588,231,799,255">
<area shape="rect" href="$cPlayTable_8h.html" title="src/objects/cPlayTable.h" alt="" coords="1160,156,1323,180">
<area shape="rect" href="$cAnimatedTexture_8cpp.html" title="src/objects/cAnimatedTexture.cpp" alt="" coords="917,156,1136,180">
<area shape="rect" href="$cTPPickup_8h.html" title="src/objects/cTPPickup.h" alt="" coords="953,231,1116,255">
<area shape="rect" href="$cPlayTable_8cpp.html" title="src/objects/cPlayTable.cpp" alt="" coords="1152,231,1331,255">
<area shape="rect" href="$cTPPickup_8cpp.html" title="src/objects/cTPPickup.cpp" alt="" coords="945,305,1124,329">
