<area shape="rect" href="$cTPPickup_8h.html" title="cTPPickup.h" alt="" coords="228,81,324,105">
<area shape="rect" href="$cFlyingPickup_8h.html" title="cFlyingPickup.h" alt="" coords="277,231,392,255">
<area shape="rect" href="$cPlayTable_8h.html" title="cPlayTable.h" alt="" coords="179,156,275,180">
<area shape="rect" href="$includes_8h.html" title="../utils/includes.h" alt="" coords="452,380,572,404">
<area shape="rect" href="$iObject_8h.html" title="iObject.h" alt="" coords="423,305,495,329">
<area shape="rect" href="$utils_8h.html" title="../utils/utils.h" alt="" coords="201,305,297,329">
<area shape="rect" href="$collisions_8h.html" title="../utils/collisions.h" alt="" coords="475,455,600,479">
<area shape="rect" href="$c3DSModel_8h.html" title="../objects/c3DSModel.h" alt="" coords="725,455,883,479">
<area shape="rect" href="$cScore_8h.html" title="../objects/cScore.h" alt="" coords="163,455,293,479">
<area shape="rect" href="$cPlayNode_8h.html" title="cPlayNode.h" alt="" coords="519,305,615,329">
<area shape="rect" href="$cAnimatedTexture_8h.html" title="cAnimatedTexture.h" alt="" coords="45,231,181,255">
<area shape="rect" href="$cTexture_8h.html" title="cTexture.h" alt="" coords="317,455,400,479">
