<area shape="rect" href="$cFlyingPickup_8h.html" title="cFlyingPickup.h" alt="" coords="277,156,392,180">
<area shape="rect" href="$cPlayTable_8h.html" title="cPlayTable.h" alt="" coords="179,81,275,105">
<area shape="rect" href="$includes_8h.html" title="../utils/includes.h" alt="" coords="452,305,572,329">
<area shape="rect" href="$iObject_8h.html" title="iObject.h" alt="" coords="423,230,495,254">
<area shape="rect" href="$utils_8h.html" title="../utils/utils.h" alt="" coords="201,230,297,254">
<area shape="rect" href="$collisions_8h.html" title="../utils/collisions.h" alt="" coords="475,380,600,404">
<area shape="rect" href="$c3DSModel_8h.html" title="../objects/c3DSModel.h" alt="" coords="725,380,883,404">
<area shape="rect" href="$cScore_8h.html" title="../objects/cScore.h" alt="" coords="163,380,293,404">
<area shape="rect" href="$cPlayNode_8h.html" title="cPlayNode.h" alt="" coords="519,230,615,254">
<area shape="rect" href="$cAnimatedTexture_8h.html" title="cAnimatedTexture.h" alt="" coords="45,156,181,180">
<area shape="rect" href="$cTexture_8h.html" title="cTexture.h" alt="" coords="317,380,400,404">
