<area shape="rect" href="$cPlayMode_8h.html" title="src/modes/cPlayMode.h" alt="" coords="336,156,499,180">
<area shape="rect" href="$cMenuMode_8h.html" title="src/modes/cMenuMode.h" alt="" coords="619,231,787,255">
<area shape="rect" href="$cMenuItem_8h.html" title="src/objects/cMenuItem.h" alt="" coords="687,82,852,106">
<area shape="rect" href="$cQuitMode_8h.html" title="src/modes/cQuitMode.h" alt="" coords="947,82,1107,106">
<area shape="rect" href="$iGameMode_8cpp.html" title="src/modes/iGameMode.cpp" alt="" coords="1131,82,1312,106">
<area shape="rect" href="$cRandomMode_8h.html" title="src/modes/cRandomMode.h" alt="" coords="211,231,395,255">
<area shape="rect" href="$cMonoMode_8h.html" title="src/modes/cMonoMode.h" alt="" coords="19,231,187,255">
<area shape="rect" href="$cPlayMode_8cpp.html" title="src/modes/cPlayMode.cpp" alt="" coords="419,231,595,255">
<area shape="rect" href="$main_8h.html" title="src/main.h" alt="" coords="469,306,552,330">
<area shape="rect" href="$cRandomMode_8cpp.html" title="src/modes/cRandomMode.cpp" alt="" coords="211,306,408,330">
<area shape="rect" href="$main_8cpp.html" title="src/main.cpp" alt="" coords="463,380,559,404">
<area shape="rect" href="$cMonoMode_8cpp.html" title="src/modes/cMonoMode.cpp" alt="" coords="5,306,187,330">
<area shape="rect" href="$cMenuMode_8cpp.html" title="src/modes/cMenuMode.cpp" alt="" coords="612,306,793,330">
<area shape="rect" href="$cMenuSpacer_8h.html" title="src/objects/cMenuSpacer.h" alt="" coords="680,156,859,180">
<area shape="rect" href="$cMenuItem_8cpp.html" title="src/objects/cMenuItem.cpp" alt="" coords="883,156,1061,180">
<area shape="rect" href="$cMenuSpacer_8cpp.html" title="src/objects/cMenuSpacer.cpp" alt="" coords="811,231,1003,255">
<area shape="rect" href="$cQuitMode_8cpp.html" title="src/modes/cQuitMode.cpp" alt="" coords="1136,156,1309,180">
