<area shape="rect" href="$includes_8h.html" title="utils/includes.h" alt="" coords="805,529,912,553">
<area shape="rect" href="$cScore_8h.html" title="../objects/cScore.h" alt="" coords="604,604,735,628">
<area shape="rect" href="$cFont_8h.html" title="objects/cFont.h" alt="" coords="1653,454,1765,478">
<area shape="rect" href="$cRandomMode_8h.html" title="modes/cRandomMode.h" alt="" coords="972,81,1135,105">
<area shape="rect" href="$cMenuMode_8h.html" title="modes/cMenuMode.h" alt="" coords="1376,230,1523,254">
<area shape="rect" href="$cQuitMode_8h.html" title="modes/cQuitMode.h" alt="" coords="1543,156,1681,180">
<area shape="rect" href="$cMonoMode_8h.html" title="modes/cMonoMode.h" alt="" coords="783,81,929,105">
<area shape="rect" href="$c3DSModel_8h.html" title="../objects/c3DSModel.h" alt="" coords="1623,604,1780,628">
<area shape="rect" href="$cTexture_8h.html" title="cTexture.h" alt="" coords="1263,529,1345,553">
<area shape="rect" href="$cPlayMode_8h.html" title="cPlayMode.h" alt="" coords="789,156,885,180">
<area shape="rect" href="$iGameMode_8h.html" title="iGameMode.h" alt="" coords="1528,454,1629,478">
<area shape="rect" href="$iObject_8h.html" title="../objects/iObject.h" alt="" coords="488,454,619,478">
<area shape="rect" href="$cScorePickup_8h.html" title="../objects/cScorePickup.h" alt="" coords="715,230,885,254">
<area shape="rect" href="$cDownPickup_8h.html" title="../objects/cDownPickup.h" alt="" coords="523,230,691,254">
<area shape="rect" href="$cParticleSystem_8h.html" title="../objects/cParticleSystem.h" alt="" coords="341,380,528,404">
<area shape="rect" href="$cTPPickup_8h.html" title="../objects/cTPPickup.h" alt="" coords="909,230,1064,254">
<area shape="rect" href="$cShip_8h.html" title="../objects/cShip.h" alt="" coords="144,380,267,404">
<area shape="rect" href="$cFlyingPickup_8h.html" title="cFlyingPickup.h" alt="" coords="603,380,717,404">
<area shape="rect" href="$utils_8h.html" title="../utils/utils.h" alt="" coords="1205,454,1301,478">
<area shape="rect" href="$collisions_8h.html" title="../utils/collisions.h" alt="" coords="967,604,1092,628">
<area shape="rect" href="$cParticle_8h.html" title="cParticle.h" alt="" coords="809,604,892,628">
<area shape="rect" href="$cTexturedParticle_8h.html" title="cTexturedParticle.h" alt="" coords="997,454,1131,478">
<area shape="rect" href="$cPlayTable_8h.html" title="cPlayTable.h" alt="" coords="797,305,893,329">
<area shape="rect" href="$cPlayNode_8h.html" title="cPlayNode.h" alt="" coords="792,380,888,404">
<area shape="rect" href="$cAnimatedTexture_8h.html" title="cAnimatedTexture.h" alt="" coords="1115,380,1251,404">
<area shape="rect" href="$cMenuItem_8h.html" title="../objects/cMenuItem.h" alt="" coords="1517,380,1672,404">
<area shape="rect" href="$cMenuSpacer_8h.html" title="../objects/cMenuSpacer.h" alt="" coords="1528,305,1696,329">
